warning: Git tree '/home/thirst/nixos-config' is dirty
building the system configuration...
warning: Git tree '/home/thirst/nixos-config' is dirty
evaluation warning: 'system' has been renamed to/replaced by 'stdenv.hostPlatform.system'
these 13 derivations will be built:
  /nix/store/2xba1kxcs0nhv1fwiadhpdwkcvm6q2bg-sddm-theme.drv
  /nix/store/0qdfyzklj82hg0gn620yg5zldmj862gv-system-path.drv
  /nix/store/16rkb9aw54gbx8bkwzyl3a4b60n4pjif-dbus-1.drv
  /nix/store/p4pphia618yd1sn3hhma1s41nllx516r-X-Restart-Triggers-polkit.drv
  /nix/store/l9z5wi8fkcvxgfxh41i0bw2mybj8v4y6-unit-polkit.service.drv
  /nix/store/kzm30546ral6q4zhs879jw50isd9la7w-X-Restart-Triggers-dbus-broker.drv
  /nix/store/qrw48mzj3qsrnibwrfp4bssdmvjn2mfk-unit-dbus-broker.service.drv
  /nix/store/55md06hsxhp6pxsid8v3165vgdxwm2nv-system-units.drv
  /nix/store/d71pjfwfa4lxrp6cx39mx18kdfhcl4b1-unit-dbus-broker.service.drv
  /nix/store/j5vgxdpny3i57p302ji98l4waadrczb2-user-units.drv
  /nix/store/5mi1h4i501nshrrl0xybdgc1f7j60zy0-etc.drv
  /nix/store/p6dd96d8zyj2ivngv7f8hl10y7ak8a2h-activate.drv
  /nix/store/iljd6lkxajifmq9f24hf2ygaaxjc2j2i-nixos-system-thinkpad-26.11.20260606.a799d3e.drv
building '/nix/store/2xba1kxcs0nhv1fwiadhpdwkcvm6q2bg-sddm-theme.drv'...
building '/nix/store/0qdfyzklj82hg0gn620yg5zldmj862gv-system-path.drv'...
building '/nix/store/p4pphia618yd1sn3hhma1s41nllx516r-X-Restart-Triggers-polkit.drv'...
building '/nix/store/16rkb9aw54gbx8bkwzyl3a4b60n4pjif-dbus-1.drv'...
building '/nix/store/l9z5wi8fkcvxgfxh41i0bw2mybj8v4y6-unit-polkit.service.drv'...
building '/nix/store/kzm30546ral6q4zhs879jw50isd9la7w-X-Restart-Triggers-dbus-broker.drv'...
building '/nix/store/d71pjfwfa4lxrp6cx39mx18kdfhcl4b1-unit-dbus-broker.service.drv'...
building '/nix/store/qrw48mzj3qsrnibwrfp4bssdmvjn2mfk-unit-dbus-broker.service.drv'...
building '/nix/store/j5vgxdpny3i57p302ji98l4waadrczb2-user-units.drv'...
building '/nix/store/55md06hsxhp6pxsid8v3165vgdxwm2nv-system-units.drv'...
building '/nix/store/5mi1h4i501nshrrl0xybdgc1f7j60zy0-etc.drv'...
building '/nix/store/p6dd96d8zyj2ivngv7f8hl10y7ak8a2h-activate.drv'...
building '/nix/store/iljd6lkxajifmq9f24hf2ygaaxjc2j2i-nixos-system-thinkpad-26.11.20260606.a799d3e.drv'...
Checking switch inhibitors... done
updating GRUB 2 menu...
activating the configuration...
setting up /etc...
reloading user units for thirst...
reloading the following user units: dbus-broker.service
restarting the following user units: nixos-activation.service
restarting sysinit-reactivation.target
reloading the following units: dbus-broker.service
restarting the following units: polkit.service
the following new units were started: NetworkManager-dispatcher.service, sysinit-reactivation.target, systemd-tmpfiles-resetup.service
Done. The new configuration is /nix/store/a02ahbdilrhhg49ndn6qa6rjr88simwd-nixos-system-thinkpad-26.11.20260606.a799d3e
